gplink-1.4.0 #1107 (Jan  1 2021)
Copyright (c) 1998-2014 gputils project
Listing File Generated: 3-19-2025  20:49:03
 
 
Address  Value    Disassembly              Source
-------  -----    -----------              ------
                                           ;--------------------------------------------------------
                                           ; File Created by SDCC : free open source ANSI-C Compiler
                                           ; Version 4.0.0 #11528 (Linux)
                                           ;--------------------------------------------------------
                                           ; PIC port for the 14-bit core
                                           ;--------------------------------------------------------
                                           ;	.file	"dice_src_code.c"
                                           	list	p=12f683
                                           	radix dec
                                           	include "p12f683.inc"
                                                   LIST
                                           
                                           ;==========================================================================
                                           ; Build date : Aug 07 2014
                                           ;  MPASM PIC12F683 processor include
                                           ; 
                                           ;  (c) Copyright 1999-2014 Microchip Technology, All rights reserved
                                           ;==========================================================================
                                           
                                                   NOLIST
                                           ;--------------------------------------------------------
                                           ; external declarations
                                           ;--------------------------------------------------------
                                           	extern	_TRISIO
                                           	extern	_GPIO
                                           	extern	_WDTCONbits
                                           	extern	__sdcc_gsinit_startup
                                           ;--------------------------------------------------------
                                           ; global declarations
                                           ;--------------------------------------------------------
                                           	global	_main
                                           	global	_numero_aleatorio
                                           	global	_mostrar_numero
                                           	global	_delay
                                           
                                           	global PSAVE
                                           	global SSAVE
                                           	global WSAVE
                                           	global STK12
                                           	global STK11
                                           	global STK10
                                           	global STK09
                                           	global STK08
                                           	global STK07
                                           	global STK06
                                           	global STK05
                                           	global STK04
                                           	global STK03
                                           	global STK02
                                           	global STK01
                                           	global STK00
                                           
                                           sharebank udata_ovr 0x0070
                                           PSAVE	res 1
                                           SSAVE	res 1
                                           WSAVE	res 1
                                           STK12	res 1
                                           STK11	res 1
                                           STK10	res 1
                                           STK09	res 1
                                           STK08	res 1
                                           STK07	res 1
                                           STK06	res 1
                                           STK05	res 1
                                           STK04	res 1
                                           STK03	res 1
                                           STK02	res 1
                                           STK01	res 1
                                           STK00	res 1
                                           
                                           ;--------------------------------------------------------
                                           ; global definitions
                                           ;--------------------------------------------------------
                                           UD_dice_src_code_0	udata
                                           _reg_num_gen	res	20
                                           
                                           UD_dice_src_code_1	udata
                                           _i	res	2
                                           
                                           ;--------------------------------------------------------
                                           ; absolute symbol definitions
                                           ;--------------------------------------------------------
                                           ;--------------------------------------------------------
                                           ; compiler-defined variables
                                           ;--------------------------------------------------------
                                           UDL_dice_src_code_0	udata
                                           r0x1008	res	1
                                           r0x100A	res	1
                                           r0x100B	res	1
                                           r0x1001	res	1
                                           r0x1000	res	1
                                           r0x1002	res	1
                                           r0x1003	res	1
                                           r0x1004	res	1
                                           r0x1005	res	1
                                           r0x1006	res	1
                                           r0x1007	res	1
                                           ;--------------------------------------------------------
                                           ; initialized data
                                           ;--------------------------------------------------------
                                           
                                           IDD_dice_src_code_0	idata
                                           _click_dtc
                                           	db	0x00, 0x00	;  0
                                           
                                           
                                           IDD_dice_src_code_1	idata
                                           _indice
                                           	db	0x00, 0x00	;  0
                                           
                                           
                                           IDD_dice_src_code_2	idata
                                           _num_inv
                                           	db	0x00, 0x00	;  0
                                           
                                           
                                           IDD_dice_src_code_3	idata
                                           _counter
                                           	db	0x00, 0x00	;  0
                                           
                                           
                                           IDD_dice_src_code_4	idata
                                           _time
                                           	db	0x96, 0x00	; 150
                                           
                                           
                                           IDD_dice_src_code_5	idata
                                           _numero_aleatorio
                                           	db	0x01, 0x00	;  1
                                           
                                           ;--------------------------------------------------------
                                           ; initialized absolute data
                                           ;--------------------------------------------------------
                                           ;--------------------------------------------------------
                                           ; overlayable items in internal ram 
                                           ;--------------------------------------------------------
                                           ;	udata_ovr
                                           ;--------------------------------------------------------
                                           ; reset vector 
                                           ;--------------------------------------------------------
                                           STARTUP	code 0x0000
000000   0000     nop                      	nop
                                           	pagesel __sdcc_gsinit_startup
000001   2802     goto    0x0002           	goto	__sdcc_gsinit_startup
                                           ;--------------------------------------------------------
                                           ; code
                                           ;--------------------------------------------------------
                                           code_dice_src_code	code
                                           ;***
                                           ;  pBlock Stats: dbName = M
                                           ;***
                                           ;has an exit
                                           ;; Starting pCode block
                                           S_dice_src_code__main	code
                                           _main:
                                           ; 2 exit points
                                           ;	.line	19; "dice_src_code.c"	TRISIO = 0b00000000; //Poner todos los pines como salidas expecto P5
0001ba   1683     bsf     0x03, 0x5        	BANKSEL	_TRISIO
0001bb   0185     clrf    0x05             	CLRF	_TRISIO
                                           ;	.line	20; "dice_src_code.c"	GPIO=0b111111;       //Apagar todas las salidas
0001bc   303f     movlw   0x3f             	MOVLW	0x3f
0001bd   1283     bcf     0x03, 0x5        	BANKSEL	_GPIO
0001be   0085     movwf   0x05             	MOVWF	_GPIO
                                           ;	.line	21; "dice_src_code.c"	WDTPS0=0b1;          //Configurar la cantidad de ciclos de espera del WD timer
0001bf   1498     bsf     0x18, 0x1        	BSF	_WDTCONbits,1
                                           ;	.line	22; "dice_src_code.c"	WDTPS1=0b1;
0001c0   1518     bsf     0x18, 0x2        	BSF	_WDTCONbits,2
                                           ;	.line	23; "dice_src_code.c"	WDTPS2=0b0;
0001c1   1198     bcf     0x18, 0x3        	BCF	_WDTCONbits,3
                                           ;	.line	24; "dice_src_code.c"	WDTPS3=0b1;
0001c2   1618     bsf     0x18, 0x4        	BSF	_WDTCONbits,4
                                           _00106_DS_:
                                           ;	.line	26; "dice_src_code.c"	while (1){ 
0001c3   29c3     goto    0x01c3           	GOTO	_00106_DS_
                                           ;	.line	105; "dice_src_code.c"	}
0001c4   0008     return                   	RETURN	
                                           ; exit point of _main
                                           
                                           ;***
                                           ;  pBlock Stats: dbName = C
                                           ;***
                                           ;has an exit
                                           ;9 compiler assigned registers:
                                           ;   r0x1000
                                           ;   STK00
                                           ;   r0x1001
                                           ;   r0x1002
                                           ;   r0x1003
                                           ;   r0x1004
                                           ;   r0x1005
                                           ;   r0x1006
                                           ;   r0x1007
                                           ;; Starting pCode block
                                           S_dice_src_code__delay	code
                                           _delay:
                                           ; 2 exit points
                                           ;	.line	124; "dice_src_code.c"	void delay(unsigned int tiempo)
00018f   1283     bcf     0x03, 0x5        	BANKSEL	r0x1000
000190   00a4     movwf   0x24             	MOVWF	r0x1000
000191   087f     movf    0x7f, 0x0        	MOVF	STK00,W
000192   00a3     movwf   0x23             	MOVWF	r0x1001
                                           ;	.line	129; "dice_src_code.c"	for(i=0;i<tiempo;i++)
000193   01a5     clrf    0x25             	CLRF	r0x1002
000194   01a6     clrf    0x26             	CLRF	r0x1003
                                           _00191_DS_:
000195   1283     bcf     0x03, 0x5        	BANKSEL	r0x1000
000196   0824     movf    0x24, 0x0        	MOVF	r0x1000,W
000197   0226     subwf   0x26, 0x0        	SUBWF	r0x1003,W
000198   1d03     btfss   0x03, 0x2        	BTFSS	STATUS,2
000199   299c     goto    0x019c           	GOTO	_00212_DS_
00019a   0823     movf    0x23, 0x0        	MOVF	r0x1001,W
00019b   0225     subwf   0x25, 0x0        	SUBWF	r0x1002,W
                                           _00212_DS_:
00019c   1803     btfsc   0x03, 0x0        	BTFSC	STATUS,0
00019d   29b9     goto    0x01b9           	GOTO	_00193_DS_
                                           ;;genSkipc:3307: created from rifx:0x7fff72a4f970
                                           ;	.line	130; "dice_src_code.c"	for(j=0;j<1275;j++);
00019e   30fb     movlw   0xfb             	MOVLW	0xfb
00019f   1283     bcf     0x03, 0x5        	BANKSEL	r0x1004
0001a0   00a7     movwf   0x27             	MOVWF	r0x1004
0001a1   3004     movlw   0x04             	MOVLW	0x04
0001a2   00a8     movwf   0x28             	MOVWF	r0x1005
                                           _00189_DS_:
0001a3   30ff     movlw   0xff             	MOVLW	0xff
0001a4   1283     bcf     0x03, 0x5        	BANKSEL	r0x1004
0001a5   0727     addwf   0x27, 0x0        	ADDWF	r0x1004,W
0001a6   00a9     movwf   0x29             	MOVWF	r0x1006
0001a7   30ff     movlw   0xff             	MOVLW	0xff
0001a8   00aa     movwf   0x2a             	MOVWF	r0x1007
0001a9   0828     movf    0x28, 0x0        	MOVF	r0x1005,W
0001aa   1803     btfsc   0x03, 0x0        	BTFSC	STATUS,0
0001ab   0f28     incfsz  0x28, 0x0        	INCFSZ	r0x1005,W
0001ac   07aa     addwf   0x2a, 0x1        	ADDWF	r0x1007,F
0001ad   0829     movf    0x29, 0x0        	MOVF	r0x1006,W
0001ae   00a7     movwf   0x27             	MOVWF	r0x1004
0001af   082a     movf    0x2a, 0x0        	MOVF	r0x1007,W
0001b0   00a8     movwf   0x28             	MOVWF	r0x1005
0001b1   082a     movf    0x2a, 0x0        	MOVF	r0x1007,W
0001b2   0429     iorwf   0x29, 0x0        	IORWF	r0x1006,W
0001b3   1d03     btfss   0x03, 0x2        	BTFSS	STATUS,2
0001b4   29a3     goto    0x01a3           	GOTO	_00189_DS_
                                           ;	.line	129; "dice_src_code.c"	for(i=0;i<tiempo;i++)
0001b5   0aa5     incf    0x25, 0x1        	INCF	r0x1002,F
0001b6   1903     btfsc   0x03, 0x2        	BTFSC	STATUS,2
0001b7   0aa6     incf    0x26, 0x1        	INCF	r0x1003,F
0001b8   2995     goto    0x0195           	GOTO	_00191_DS_
                                           _00193_DS_:
                                           ;	.line	131; "dice_src_code.c"	}
0001b9   0008     return                   	RETURN	
                                           ; exit point of _delay
                                           
                                           ;***
                                           ;  pBlock Stats: dbName = C
                                           ;***
                                           ;has an exit
                                           ;5 compiler assigned registers:
                                           ;   r0x1008
                                           ;   STK00
                                           ;   r0x1009
                                           ;   r0x100A
                                           ;   r0x100B
                                           ;; Starting pCode block
                                           S_dice_src_code__mostrar_numero	code
                                           _mostrar_numero:
                                           ; 2 exit points
                                           ;	.line	107; "dice_src_code.c"	void mostrar_numero(short int num){
00009e   1283     bcf     0x03, 0x5        	BANKSEL	r0x1008
00009f   00a0     movwf   0x20             	MOVWF	r0x1008
0000a0   087f     movf    0x7f, 0x0        	MOVF	STK00,W
                                           ;;1	MOVWF	r0x1009
                                           ;	.line	108; "dice_src_code.c"	switch (num){
0000a1   00a1     movwf   0x21             	MOVWF	r0x100A
0000a2   0820     movf    0x20, 0x0        	MOVF	r0x1008,W
0000a3   00a2     movwf   0x22             	MOVWF	r0x100B
0000a4   0421     iorwf   0x21, 0x0        	IORWF	r0x100A,W
0000a5   1903     btfsc   0x03, 0x2        	BTFSC	STATUS,2
0000a6   2901     goto    0x0101           	GOTO	_00111_DS_
0000a7   0821     movf    0x21, 0x0        	MOVF	r0x100A,W
0000a8   3a01     xorlw   0x01             	XORLW	0x01
0000a9   1d03     btfss   0x03, 0x2        	BTFSS	STATUS,2
0000aa   28af     goto    0x00af           	GOTO	_00171_DS_
0000ab   0822     movf    0x22, 0x0        	MOVF	r0x100B,W
0000ac   3a00     xorlw   0x00             	XORLW	0x00
0000ad   1903     btfsc   0x03, 0x2        	BTFSC	STATUS,2
0000ae   2904     goto    0x0104           	GOTO	_00112_DS_
                                           _00171_DS_:
0000af   1283     bcf     0x03, 0x5        	BANKSEL	r0x100A
0000b0   0821     movf    0x21, 0x0        	MOVF	r0x100A,W
0000b1   3a02     xorlw   0x02             	XORLW	0x02
0000b2   1d03     btfss   0x03, 0x2        	BTFSS	STATUS,2
0000b3   28b8     goto    0x00b8           	GOTO	_00172_DS_
0000b4   0822     movf    0x22, 0x0        	MOVF	r0x100B,W
0000b5   3a00     xorlw   0x00             	XORLW	0x00
0000b6   1903     btfsc   0x03, 0x2        	BTFSC	STATUS,2
0000b7   2908     goto    0x0108           	GOTO	_00113_DS_
                                           _00172_DS_:
0000b8   1283     bcf     0x03, 0x5        	BANKSEL	r0x100A
0000b9   0821     movf    0x21, 0x0        	MOVF	r0x100A,W
0000ba   3a03     xorlw   0x03             	XORLW	0x03
0000bb   1d03     btfss   0x03, 0x2        	BTFSS	STATUS,2
0000bc   28c1     goto    0x00c1           	GOTO	_00173_DS_
0000bd   0822     movf    0x22, 0x0        	MOVF	r0x100B,W
0000be   3a00     xorlw   0x00             	XORLW	0x00
0000bf   1903     btfsc   0x03, 0x2        	BTFSC	STATUS,2
0000c0   290c     goto    0x010c           	GOTO	_00114_DS_
                                           _00173_DS_:
0000c1   1283     bcf     0x03, 0x5        	BANKSEL	r0x100A
0000c2   0821     movf    0x21, 0x0        	MOVF	r0x100A,W
0000c3   3a04     xorlw   0x04             	XORLW	0x04
0000c4   1d03     btfss   0x03, 0x2        	BTFSS	STATUS,2
0000c5   28ca     goto    0x00ca           	GOTO	_00174_DS_
0000c6   0822     movf    0x22, 0x0        	MOVF	r0x100B,W
0000c7   3a00     xorlw   0x00             	XORLW	0x00
0000c8   1903     btfsc   0x03, 0x2        	BTFSC	STATUS,2
0000c9   2910     goto    0x0110           	GOTO	_00115_DS_
                                           _00174_DS_:
0000ca   1283     bcf     0x03, 0x5        	BANKSEL	r0x100A
0000cb   0821     movf    0x21, 0x0        	MOVF	r0x100A,W
0000cc   3a05     xorlw   0x05             	XORLW	0x05
0000cd   1d03     btfss   0x03, 0x2        	BTFSS	STATUS,2
0000ce   28d3     goto    0x00d3           	GOTO	_00175_DS_
0000cf   0822     movf    0x22, 0x0        	MOVF	r0x100B,W
0000d0   3a00     xorlw   0x00             	XORLW	0x00
0000d1   1903     btfsc   0x03, 0x2        	BTFSC	STATUS,2
0000d2   2914     goto    0x0114           	GOTO	_00116_DS_
                                           _00175_DS_:
0000d3   1283     bcf     0x03, 0x5        	BANKSEL	r0x100A
0000d4   0821     movf    0x21, 0x0        	MOVF	r0x100A,W
0000d5   3a06     xorlw   0x06             	XORLW	0x06
0000d6   1d03     btfss   0x03, 0x2        	BTFSS	STATUS,2
0000d7   28dc     goto    0x00dc           	GOTO	_00176_DS_
0000d8   0822     movf    0x22, 0x0        	MOVF	r0x100B,W
0000d9   3a00     xorlw   0x00             	XORLW	0x00
0000da   1903     btfsc   0x03, 0x2        	BTFSC	STATUS,2
0000db   2918     goto    0x0118           	GOTO	_00117_DS_
                                           _00176_DS_:
0000dc   1283     bcf     0x03, 0x5        	BANKSEL	r0x100A
0000dd   0821     movf    0x21, 0x0        	MOVF	r0x100A,W
0000de   3a07     xorlw   0x07             	XORLW	0x07
0000df   1d03     btfss   0x03, 0x2        	BTFSS	STATUS,2
0000e0   28e5     goto    0x00e5           	GOTO	_00177_DS_
0000e1   0822     movf    0x22, 0x0        	MOVF	r0x100B,W
0000e2   3a00     xorlw   0x00             	XORLW	0x00
0000e3   1903     btfsc   0x03, 0x2        	BTFSC	STATUS,2
0000e4   291c     goto    0x011c           	GOTO	_00118_DS_
                                           _00177_DS_:
0000e5   1283     bcf     0x03, 0x5        	BANKSEL	r0x100A
0000e6   0821     movf    0x21, 0x0        	MOVF	r0x100A,W
0000e7   3a08     xorlw   0x08             	XORLW	0x08
0000e8   1d03     btfss   0x03, 0x2        	BTFSS	STATUS,2
0000e9   28ee     goto    0x00ee           	GOTO	_00178_DS_
0000ea   0822     movf    0x22, 0x0        	MOVF	r0x100B,W
0000eb   3a00     xorlw   0x00             	XORLW	0x00
0000ec   1903     btfsc   0x03, 0x2        	BTFSC	STATUS,2
0000ed   2920     goto    0x0120           	GOTO	_00119_DS_
                                           _00178_DS_:
0000ee   1283     bcf     0x03, 0x5        	BANKSEL	r0x100A
0000ef   0821     movf    0x21, 0x0        	MOVF	r0x100A,W
0000f0   3a09     xorlw   0x09             	XORLW	0x09
0000f1   1d03     btfss   0x03, 0x2        	BTFSS	STATUS,2
0000f2   28f7     goto    0x00f7           	GOTO	_00179_DS_
0000f3   0822     movf    0x22, 0x0        	MOVF	r0x100B,W
0000f4   3a00     xorlw   0x00             	XORLW	0x00
0000f5   1903     btfsc   0x03, 0x2        	BTFSC	STATUS,2
0000f6   2924     goto    0x0124           	GOTO	_00120_DS_
                                           _00179_DS_:
0000f7   1283     bcf     0x03, 0x5        	BANKSEL	r0x100A
0000f8   0821     movf    0x21, 0x0        	MOVF	r0x100A,W
0000f9   3a63     xorlw   0x63             	XORLW	0x63
0000fa   1d03     btfss   0x03, 0x2        	BTFSS	STATUS,2
0000fb   2900     goto    0x0100           	GOTO	_00180_DS_
0000fc   0822     movf    0x22, 0x0        	MOVF	r0x100B,W
0000fd   3a00     xorlw   0x00             	XORLW	0x00
0000fe   1903     btfsc   0x03, 0x2        	BTFSC	STATUS,2
0000ff   2928     goto    0x0128           	GOTO	_00121_DS_
                                           _00180_DS_:
000100   292c     goto    0x012c           	GOTO	_00122_DS_
                                           _00111_DS_:
                                           ;	.line	109; "dice_src_code.c"	case 0: GPIO = 0b000000; break;
000101   1283     bcf     0x03, 0x5        	BANKSEL	_GPIO
000102   0185     clrf    0x05             	CLRF	_GPIO
000103   292e     goto    0x012e           	GOTO	_00124_DS_
                                           _00112_DS_:
                                           ;	.line	110; "dice_src_code.c"	case 1: GPIO = 0b000001; break;
000104   3001     movlw   0x01             	MOVLW	0x01
000105   1283     bcf     0x03, 0x5        	BANKSEL	_GPIO
000106   0085     movwf   0x05             	MOVWF	_GPIO
000107   292e     goto    0x012e           	GOTO	_00124_DS_
                                           _00113_DS_:
                                           ;	.line	111; "dice_src_code.c"	case 2: GPIO = 0b000010; break;
000108   3002     movlw   0x02             	MOVLW	0x02
000109   1283     bcf     0x03, 0x5        	BANKSEL	_GPIO
00010a   0085     movwf   0x05             	MOVWF	_GPIO
00010b   292e     goto    0x012e           	GOTO	_00124_DS_
                                           _00114_DS_:
                                           ;	.line	112; "dice_src_code.c"	case 3: GPIO = 0b000011; break;
00010c   3003     movlw   0x03             	MOVLW	0x03
00010d   1283     bcf     0x03, 0x5        	BANKSEL	_GPIO
00010e   0085     movwf   0x05             	MOVWF	_GPIO
00010f   292e     goto    0x012e           	GOTO	_00124_DS_
                                           _00115_DS_:
                                           ;	.line	113; "dice_src_code.c"	case 4: GPIO = 0b000100; break; 
000110   3004     movlw   0x04             	MOVLW	0x04
000111   1283     bcf     0x03, 0x5        	BANKSEL	_GPIO
000112   0085     movwf   0x05             	MOVWF	_GPIO
000113   292e     goto    0x012e           	GOTO	_00124_DS_
                                           _00116_DS_:
                                           ;	.line	114; "dice_src_code.c"	case 5: GPIO = 0b000101; break;
000114   3005     movlw   0x05             	MOVLW	0x05
000115   1283     bcf     0x03, 0x5        	BANKSEL	_GPIO
000116   0085     movwf   0x05             	MOVWF	_GPIO
000117   292e     goto    0x012e           	GOTO	_00124_DS_
                                           _00117_DS_:
                                           ;	.line	115; "dice_src_code.c"	case 6: GPIO = 0b000110; break;
000118   3006     movlw   0x06             	MOVLW	0x06
000119   1283     bcf     0x03, 0x5        	BANKSEL	_GPIO
00011a   0085     movwf   0x05             	MOVWF	_GPIO
00011b   292e     goto    0x012e           	GOTO	_00124_DS_
                                           _00118_DS_:
                                           ;	.line	116; "dice_src_code.c"	case 7: GPIO = 0b000111; break;
00011c   3007     movlw   0x07             	MOVLW	0x07
00011d   1283     bcf     0x03, 0x5        	BANKSEL	_GPIO
00011e   0085     movwf   0x05             	MOVWF	_GPIO
00011f   292e     goto    0x012e           	GOTO	_00124_DS_
                                           _00119_DS_:
                                           ;	.line	117; "dice_src_code.c"	case 8: GPIO = 0b010000; break;
000120   3010     movlw   0x10             	MOVLW	0x10
000121   1283     bcf     0x03, 0x5        	BANKSEL	_GPIO
000122   0085     movwf   0x05             	MOVWF	_GPIO
000123   292e     goto    0x012e           	GOTO	_00124_DS_
                                           _00120_DS_:
                                           ;	.line	118; "dice_src_code.c"	case 9: GPIO = 0b010001; break;
000124   3011     movlw   0x11             	MOVLW	0x11
000125   1283     bcf     0x03, 0x5        	BANKSEL	_GPIO
000126   0085     movwf   0x05             	MOVWF	_GPIO
000127   292e     goto    0x012e           	GOTO	_00124_DS_
                                           _00121_DS_:
                                           ;	.line	119; "dice_src_code.c"	case 99: GPIO = 0b010010; break; 
000128   3012     movlw   0x12             	MOVLW	0x12
000129   1283     bcf     0x03, 0x5        	BANKSEL	_GPIO
00012a   0085     movwf   0x05             	MOVWF	_GPIO
00012b   292e     goto    0x012e           	GOTO	_00124_DS_
                                           _00122_DS_:
                                           ;	.line	120; "dice_src_code.c"	default: GPIO = 0b000000;
00012c   1283     bcf     0x03, 0x5        	BANKSEL	_GPIO
00012d   0185     clrf    0x05             	CLRF	_GPIO
                                           _00124_DS_:
                                           ;	.line	122; "dice_src_code.c"	}
00012e   0008     return                   	RETURN	
                                           ; exit point of _mostrar_numero
                                           
                                           
                                           ;	code size estimation:
                                           ;	  171+   28 =   199 instructions (  454 byte)
                                           
                                           	end
