gplink-1.4.0 #1107 (Jan  1 2021)
Copyright (c) 1998-2014 gputils project
Listing File Generated: 3-20-2025  13:44:31
 
 
Address  Value    Disassembly              Source
-------  -----    -----------              ------
                                           ;--------------------------------------------------------
                                           ; File Created by SDCC : free open source ANSI-C Compiler
                                           ; Version 4.0.0 #11528 (Linux)
                                           ;--------------------------------------------------------
                                           ; PIC port for the 14-bit core
                                           ;--------------------------------------------------------
                                           ;	.file	"dice_src_code.c"
                                           	list	p=12f683
                                           	radix dec
                                           	include "p12f683.inc"
                                                   LIST
                                           
                                           ;==========================================================================
                                           ; Build date : Aug 07 2014
                                           ;  MPASM PIC12F683 processor include
                                           ; 
                                           ;  (c) Copyright 1999-2014 Microchip Technology, All rights reserved
                                           ;==========================================================================
                                           
                                                   NOLIST
                                           ;--------------------------------------------------------
                                           ; external declarations
                                           ;--------------------------------------------------------
                                           	extern	_TRISIO
                                           	extern	_GPIO
                                           	extern	_WDTCONbits
                                           	extern	_GPIObits
                                           	extern	__sdcc_gsinit_startup
                                           ;--------------------------------------------------------
                                           ; global declarations
                                           ;--------------------------------------------------------
                                           	global	_main
                                           	global	_numero_aleatorio
                                           	global	_mostrar_numero
                                           	global	_delay
                                           
                                           	global PSAVE
                                           	global SSAVE
                                           	global WSAVE
                                           	global STK12
                                           	global STK11
                                           	global STK10
                                           	global STK09
                                           	global STK08
                                           	global STK07
                                           	global STK06
                                           	global STK05
                                           	global STK04
                                           	global STK03
                                           	global STK02
                                           	global STK01
                                           	global STK00
                                           
                                           sharebank udata_ovr 0x0070
                                           PSAVE	res 1
                                           SSAVE	res 1
                                           WSAVE	res 1
                                           STK12	res 1
                                           STK11	res 1
                                           STK10	res 1
                                           STK09	res 1
                                           STK08	res 1
                                           STK07	res 1
                                           STK06	res 1
                                           STK05	res 1
                                           STK04	res 1
                                           STK03	res 1
                                           STK02	res 1
                                           STK01	res 1
                                           STK00	res 1
                                           
                                           ;--------------------------------------------------------
                                           ; global definitions
                                           ;--------------------------------------------------------
                                           UD_dice_src_code_0	udata
                                           _reg_num_gen	res	20
                                           
                                           UD_dice_src_code_1	udata
                                           _i	res	2
                                           
                                           ;--------------------------------------------------------
                                           ; absolute symbol definitions
                                           ;--------------------------------------------------------
                                           ;--------------------------------------------------------
                                           ; compiler-defined variables
                                           ;--------------------------------------------------------
                                           UDL_dice_src_code_0	udata
                                           r0x1010	res	1
                                           r0x1011	res	1
                                           r0x1012	res	1
                                           r0x1013	res	1
                                           r0x1014	res	1
                                           r0x1015	res	1
                                           r0x100C	res	1
                                           r0x100E	res	1
                                           r0x100F	res	1
                                           r0x1005	res	1
                                           r0x1004	res	1
                                           r0x1006	res	1
                                           r0x1007	res	1
                                           r0x1008	res	1
                                           r0x1009	res	1
                                           r0x100A	res	1
                                           r0x100B	res	1
                                           ;--------------------------------------------------------
                                           ; initialized data
                                           ;--------------------------------------------------------
                                           
                                           IDD_dice_src_code_0	idata
                                           _click_dtc
                                           	db	0x00, 0x00	;  0
                                           
                                           
                                           IDD_dice_src_code_1	idata
                                           _indice
                                           	db	0x00, 0x00	;  0
                                           
                                           
                                           IDD_dice_src_code_2	idata
                                           _num_inv
                                           	db	0x00, 0x00	;  0
                                           
                                           
                                           IDD_dice_src_code_3	idata
                                           _counter
                                           	db	0x01, 0x00	;  1
                                           
                                           
                                           IDD_dice_src_code_4	idata
                                           _time
                                           	db	0x96, 0x00	; 150
                                           
                                           
                                           IDD_dice_src_code_5	idata
                                           _numero_aleatorio
                                           	db	0x01, 0x00	;  1
                                           
                                           ;--------------------------------------------------------
                                           ; initialized absolute data
                                           ;--------------------------------------------------------
                                           ;--------------------------------------------------------
                                           ; overlayable items in internal ram 
                                           ;--------------------------------------------------------
                                           ;	udata_ovr
                                           ;--------------------------------------------------------
                                           ; reset vector 
                                           ;--------------------------------------------------------
                                           STARTUP	code 0x0000
000000   0000     nop                      	nop
                                           	pagesel __sdcc_gsinit_startup
000001   28ba     goto    0x00ba           	goto	__sdcc_gsinit_startup
                                           ;--------------------------------------------------------
                                           ; code
                                           ;--------------------------------------------------------
                                           code_dice_src_code	code
                                           ;***
                                           ;  pBlock Stats: dbName = M
                                           ;***
                                           ;has an exit
                                           ;6 compiler assigned registers:
                                           ;   r0x1010
                                           ;   r0x1011
                                           ;   r0x1012
                                           ;   r0x1013
                                           ;   r0x1014
                                           ;   r0x1015
                                           ;; Starting pCode block
                                           S_dice_src_code__main	code
                                           _main:
                                           ; 2 exit points
                                           ;	.line	21; "dice_src_code.c"	TRISIO = 0b00100000; //Poner todos los pines como salidas expecto P5
000002   3020     movlw   0x20             	MOVLW	0x20
000003   1683     bsf     0x03, 0x5        	BANKSEL	_TRISIO
000004   0085     movwf   0x05             	MOVWF	_TRISIO
                                           ;	.line	22; "dice_src_code.c"	GPIO=0b000000;       //Apagar todas las salidas
000005   1283     bcf     0x03, 0x5        	BANKSEL	_GPIO
000006   0185     clrf    0x05             	CLRF	_GPIO
                                           ;	.line	23; "dice_src_code.c"	WDTPS0=0b1;          //Configurar la cantidad de ciclos de espera del WD timer
000007   1498     bsf     0x18, 0x1        	BSF	_WDTCONbits,1
                                           ;	.line	24; "dice_src_code.c"	WDTPS1=0b1;
000008   1518     bsf     0x18, 0x2        	BSF	_WDTCONbits,2
                                           ;	.line	25; "dice_src_code.c"	WDTPS2=0b0;
000009   1198     bcf     0x18, 0x3        	BCF	_WDTCONbits,3
                                           ;	.line	26; "dice_src_code.c"	WDTPS3=0b1;
00000a   1618     bsf     0x18, 0x4        	BSF	_WDTCONbits,4
                                           _00107_DS_:
                                           ;	.line	33; "dice_src_code.c"	while (click_dtc == 0){
00000b   1283     bcf     0x03, 0x5        	BANKSEL	_click_dtc
00000c   0834     movf    0x34, 0x0        	MOVF	(_click_dtc + 1),W
00000d   0433     iorwf   0x33, 0x0        	IORWF	_click_dtc,W
00000e   1d03     btfss   0x03, 0x2        	BTFSS	STATUS,2
00000f   2834     goto    0x0034           	GOTO	_00109_DS_
                                           ;	.line	37; "dice_src_code.c"	counter++;
000010   1283     bcf     0x03, 0x5        	BANKSEL	_counter
000011   0ab9     incf    0x39, 0x1        	INCF	_counter,F
000012   1903     btfsc   0x03, 0x2        	BTFSC	STATUS,2
000013   0aba     incf    0x3a, 0x1        	INCF	(_counter + 1),F
                                           ;	.line	38; "dice_src_code.c"	if (counter==7){
000014   0839     movf    0x39, 0x0        	MOVF	_counter,W
000015   1283     bcf     0x03, 0x5        	BANKSEL	r0x1010
000016   00a0     movwf   0x20             	MOVWF	r0x1010
000017   1283     bcf     0x03, 0x5        	BANKSEL	_counter
000018   083a     movf    0x3a, 0x0        	MOVF	(_counter + 1),W
000019   1283     bcf     0x03, 0x5        	BANKSEL	r0x1011
00001a   00a1     movwf   0x21             	MOVWF	r0x1011
00001b   0820     movf    0x20, 0x0        	MOVF	r0x1010,W
00001c   3a07     xorlw   0x07             	XORLW	0x07
00001d   1d03     btfss   0x03, 0x2        	BTFSS	STATUS,2
00001e   2827     goto    0x0027           	GOTO	_00106_DS_
00001f   0821     movf    0x21, 0x0        	MOVF	r0x1011,W
000020   3a00     xorlw   0x00             	XORLW	0x00
000021   1d03     btfss   0x03, 0x2        	BTFSS	STATUS,2
000022   2827     goto    0x0027           	GOTO	_00106_DS_
                                           ;	.line	39; "dice_src_code.c"	counter=1;
000023   3001     movlw   0x01             	MOVLW	0x01
000024   1283     bcf     0x03, 0x5        	BANKSEL	_counter
000025   00b9     movwf   0x39             	MOVWF	_counter
000026   01ba     clrf    0x3a             	CLRF	(_counter + 1)
                                           _00106_DS_:
                                           ;	.line	41; "dice_src_code.c"	click_dtc = GP5;
000027   1283     bcf     0x03, 0x5        	BANKSEL	r0x1010
000028   01a0     clrf    0x20             	CLRF	r0x1010
000029   1283     bcf     0x03, 0x5        	BANKSEL	_GPIObits
00002a   1e85     btfss   0x05, 0x5        	BTFSS	_GPIObits,5
00002b   282e     goto    0x002e           	GOTO	_00001_DS_
00002c   1283     bcf     0x03, 0x5        	BANKSEL	r0x1010
00002d   0aa0     incf    0x20, 0x1        	INCF	r0x1010,F
                                           _00001_DS_:
00002e   1283     bcf     0x03, 0x5        	BANKSEL	r0x1010
00002f   0820     movf    0x20, 0x0        	MOVF	r0x1010,W
000030   1283     bcf     0x03, 0x5        	BANKSEL	_click_dtc
000031   00b3     movwf   0x33             	MOVWF	_click_dtc
000032   01b4     clrf    0x34             	CLRF	(_click_dtc + 1)
000033   280b     goto    0x000b           	GOTO	_00107_DS_
                                           ;;signed compare: left < lit(0x1=1), size=2, mask=ffff
                                           _00109_DS_:
                                           ;	.line	45; "dice_src_code.c"	switch (counter){
000034   1283     bcf     0x03, 0x5        	BANKSEL	_counter
000035   083a     movf    0x3a, 0x0        	MOVF	(_counter + 1),W
000036   3e80     addlw   0x80             	ADDLW	0x80
000037   3e80     addlw   0x80             	ADDLW	0x80
000038   1d03     btfss   0x03, 0x2        	BTFSS	STATUS,2
000039   283c     goto    0x003c           	GOTO	_00173_DS_
00003a   3001     movlw   0x01             	MOVLW	0x01
00003b   0239     subwf   0x39, 0x0        	SUBWF	_counter,W
                                           _00173_DS_:
00003c   1c03     btfss   0x03, 0x0        	BTFSS	STATUS,0
00003d   2875     goto    0x0075           	GOTO	_00116_DS_
                                           ;;genSkipc:3307: created from rifx:0x7ffef3df2820
                                           ;;swapping arguments (AOP_TYPEs 1/3)
                                           ;;signed compare: left >= lit(0x7=7), size=2, mask=ffff
00003e   1283     bcf     0x03, 0x5        	BANKSEL	_counter
00003f   083a     movf    0x3a, 0x0        	MOVF	(_counter + 1),W
000040   3e80     addlw   0x80             	ADDLW	0x80
000041   3e80     addlw   0x80             	ADDLW	0x80
000042   1d03     btfss   0x03, 0x2        	BTFSS	STATUS,2
000043   2846     goto    0x0046           	GOTO	_00174_DS_
000044   3007     movlw   0x07             	MOVLW	0x07
000045   0239     subwf   0x39, 0x0        	SUBWF	_counter,W
                                           _00174_DS_:
000046   1803     btfsc   0x03, 0x0        	BTFSC	STATUS,0
000047   2875     goto    0x0075           	GOTO	_00116_DS_
                                           ;;genSkipc:3307: created from rifx:0x7ffef3df2820
000048   1283     bcf     0x03, 0x5        	BANKSEL	_counter
000049   0339     decf    0x39, 0x0        	DECF	_counter,W
00004a   1283     bcf     0x03, 0x5        	BANKSEL	r0x1010
00004b   00a0     movwf   0x20             	MOVWF	r0x1010
00004c   3000     movlw   0x00             	MOVLW	HIGH(_00175_DS_)
00004d   1283     bcf     0x03, 0x5        	BANKSEL	PCLATH
00004e   008a     movwf   0x0a             	MOVWF	PCLATH
00004f   3057     movlw   0x57             	MOVLW	_00175_DS_
000050   1283     bcf     0x03, 0x5        	BANKSEL	r0x1010
000051   0720     addwf   0x20, 0x0        	ADDWF	r0x1010,W
000052   1c03     btfss   0x03, 0x0        	BTFSS	STATUS,0
000053   2856     goto    0x0056           	GOTO	_00002_DS_
000054   1283     bcf     0x03, 0x5        	BANKSEL	PCLATH
000055   0a8a     incf    0x0a, 0x1        	INCF	PCLATH,F
                                           _00002_DS_:
000056   0082     movwf   0x02             	MOVWF	PCL
                                           _00175_DS_:
000057   285d     goto    0x005d           	GOTO	_00110_DS_
000058   2861     goto    0x0061           	GOTO	_00111_DS_
000059   2865     goto    0x0065           	GOTO	_00112_DS_
00005a   2869     goto    0x0069           	GOTO	_00113_DS_
00005b   286d     goto    0x006d           	GOTO	_00114_DS_
00005c   2871     goto    0x0071           	GOTO	_00115_DS_
                                           _00110_DS_:
                                           ;	.line	46; "dice_src_code.c"	case 1: GPIO = 0b000001; break;
00005d   3001     movlw   0x01             	MOVLW	0x01
00005e   1283     bcf     0x03, 0x5        	BANKSEL	_GPIO
00005f   0085     movwf   0x05             	MOVWF	_GPIO
000060   2877     goto    0x0077           	GOTO	_00140_DS_
                                           _00111_DS_:
                                           ;	.line	47; "dice_src_code.c"	case 2: GPIO = 0b000010; break;
000061   3002     movlw   0x02             	MOVLW	0x02
000062   1283     bcf     0x03, 0x5        	BANKSEL	_GPIO
000063   0085     movwf   0x05             	MOVWF	_GPIO
000064   2877     goto    0x0077           	GOTO	_00140_DS_
                                           _00112_DS_:
                                           ;	.line	48; "dice_src_code.c"	case 3: GPIO = 0b000011; break;
000065   3003     movlw   0x03             	MOVLW	0x03
000066   1283     bcf     0x03, 0x5        	BANKSEL	_GPIO
000067   0085     movwf   0x05             	MOVWF	_GPIO
000068   2877     goto    0x0077           	GOTO	_00140_DS_
                                           _00113_DS_:
                                           ;	.line	49; "dice_src_code.c"	case 4: GPIO = 0b000100; break;
000069   3004     movlw   0x04             	MOVLW	0x04
00006a   1283     bcf     0x03, 0x5        	BANKSEL	_GPIO
00006b   0085     movwf   0x05             	MOVWF	_GPIO
00006c   2877     goto    0x0077           	GOTO	_00140_DS_
                                           _00114_DS_:
                                           ;	.line	50; "dice_src_code.c"	case 5: GPIO = 0b000101; break; 
00006d   3005     movlw   0x05             	MOVLW	0x05
00006e   1283     bcf     0x03, 0x5        	BANKSEL	_GPIO
00006f   0085     movwf   0x05             	MOVWF	_GPIO
000070   2877     goto    0x0077           	GOTO	_00140_DS_
                                           _00115_DS_:
                                           ;	.line	51; "dice_src_code.c"	case 6: GPIO = 0b000110; break;
000071   3006     movlw   0x06             	MOVLW	0x06
000072   1283     bcf     0x03, 0x5        	BANKSEL	_GPIO
000073   0085     movwf   0x05             	MOVWF	_GPIO
000074   2877     goto    0x0077           	GOTO	_00140_DS_
                                           _00116_DS_:
                                           ;	.line	52; "dice_src_code.c"	default: GPIO = 0b000000;
000075   1283     bcf     0x03, 0x5        	BANKSEL	_GPIO
000076   0185     clrf    0x05             	CLRF	_GPIO
                                           _00140_DS_:
                                           ;	.line	56; "dice_src_code.c"	for(i=0;i<1000;i++){
000077   1283     bcf     0x03, 0x5        	BANKSEL	r0x1010
000078   01a0     clrf    0x20             	CLRF	r0x1010
000079   01a1     clrf    0x21             	CLRF	r0x1011
                                           _00128_DS_:
                                           ;	.line	57; "dice_src_code.c"	for(j=0;j<1275;j++){
00007a   30fb     movlw   0xfb             	MOVLW	0xfb
00007b   1283     bcf     0x03, 0x5        	BANKSEL	r0x1012
00007c   00a2     movwf   0x22             	MOVWF	r0x1012
00007d   3004     movlw   0x04             	MOVLW	0x04
00007e   00a3     movwf   0x23             	MOVWF	r0x1013
                                           _00127_DS_:
                                           ;	.line	58; "dice_src_code.c"	counter++;
00007f   1283     bcf     0x03, 0x5        	BANKSEL	_counter
000080   0ab9     incf    0x39, 0x1        	INCF	_counter,F
000081   1903     btfsc   0x03, 0x2        	BTFSC	STATUS,2
000082   0aba     incf    0x3a, 0x1        	INCF	(_counter + 1),F
                                           ;	.line	59; "dice_src_code.c"	if (counter==7){
000083   0839     movf    0x39, 0x0        	MOVF	_counter,W
000084   1283     bcf     0x03, 0x5        	BANKSEL	r0x1014
000085   00a4     movwf   0x24             	MOVWF	r0x1014
000086   1283     bcf     0x03, 0x5        	BANKSEL	_counter
000087   083a     movf    0x3a, 0x0        	MOVF	(_counter + 1),W
000088   1283     bcf     0x03, 0x5        	BANKSEL	r0x1015
000089   00a5     movwf   0x25             	MOVWF	r0x1015
00008a   0824     movf    0x24, 0x0        	MOVF	r0x1014,W
00008b   3a07     xorlw   0x07             	XORLW	0x07
00008c   1d03     btfss   0x03, 0x2        	BTFSS	STATUS,2
00008d   2896     goto    0x0096           	GOTO	_00119_DS_
00008e   0825     movf    0x25, 0x0        	MOVF	r0x1015,W
00008f   3a00     xorlw   0x00             	XORLW	0x00
000090   1d03     btfss   0x03, 0x2        	BTFSS	STATUS,2
000091   2896     goto    0x0096           	GOTO	_00119_DS_
                                           ;	.line	60; "dice_src_code.c"	counter=1;
000092   3001     movlw   0x01             	MOVLW	0x01
000093   1283     bcf     0x03, 0x5        	BANKSEL	_counter
000094   00b9     movwf   0x39             	MOVWF	_counter
000095   01ba     clrf    0x3a             	CLRF	(_counter + 1)
                                           _00119_DS_:
000096   30ff     movlw   0xff             	MOVLW	0xff
000097   1283     bcf     0x03, 0x5        	BANKSEL	r0x1012
000098   0722     addwf   0x22, 0x0        	ADDWF	r0x1012,W
000099   00a4     movwf   0x24             	MOVWF	r0x1014
00009a   30ff     movlw   0xff             	MOVLW	0xff
00009b   00a5     movwf   0x25             	MOVWF	r0x1015
00009c   0823     movf    0x23, 0x0        	MOVF	r0x1013,W
00009d   1803     btfsc   0x03, 0x0        	BTFSC	STATUS,0
00009e   0f23     incfsz  0x23, 0x0        	INCFSZ	r0x1013,W
00009f   07a5     addwf   0x25, 0x1        	ADDWF	r0x1015,F
0000a0   0824     movf    0x24, 0x0        	MOVF	r0x1014,W
0000a1   00a2     movwf   0x22             	MOVWF	r0x1012
0000a2   0825     movf    0x25, 0x0        	MOVF	r0x1015,W
0000a3   00a3     movwf   0x23             	MOVWF	r0x1013
                                           ;	.line	57; "dice_src_code.c"	for(j=0;j<1275;j++){
0000a4   0825     movf    0x25, 0x0        	MOVF	r0x1015,W
0000a5   0424     iorwf   0x24, 0x0        	IORWF	r0x1014,W
0000a6   1d03     btfss   0x03, 0x2        	BTFSS	STATUS,2
0000a7   287f     goto    0x007f           	GOTO	_00127_DS_
                                           ;	.line	56; "dice_src_code.c"	for(i=0;i<1000;i++){
0000a8   0aa0     incf    0x20, 0x1        	INCF	r0x1010,F
0000a9   1903     btfsc   0x03, 0x2        	BTFSC	STATUS,2
0000aa   0aa1     incf    0x21, 0x1        	INCF	r0x1011,F
                                           ;;unsigned compare: left < lit(0x3E8=1000), size=2
0000ab   3003     movlw   0x03             	MOVLW	0x03
0000ac   0221     subwf   0x21, 0x0        	SUBWF	r0x1011,W
0000ad   1d03     btfss   0x03, 0x2        	BTFSS	STATUS,2
0000ae   28b1     goto    0x00b1           	GOTO	_00176_DS_
0000af   30e8     movlw   0xe8             	MOVLW	0xe8
0000b0   0220     subwf   0x20, 0x0        	SUBWF	r0x1010,W
                                           _00176_DS_:
0000b1   1c03     btfss   0x03, 0x0        	BTFSS	STATUS,0
0000b2   287a     goto    0x007a           	GOTO	_00128_DS_
                                           ;;genSkipc:3307: created from rifx:0x7ffef3df2820
                                           ;	.line	65; "dice_src_code.c"	GPIO = 0b000000;       //Apagar todas las salidas
0000b3   1283     bcf     0x03, 0x5        	BANKSEL	_GPIO
0000b4   0185     clrf    0x05             	CLRF	_GPIO
                                           ;	.line	66; "dice_src_code.c"	click_dtc = 0;
0000b5   1283     bcf     0x03, 0x5        	BANKSEL	_click_dtc
0000b6   01b3     clrf    0x33             	CLRF	_click_dtc
0000b7   01b4     clrf    0x34             	CLRF	(_click_dtc + 1)
0000b8   280b     goto    0x000b           	GOTO	_00107_DS_
                                           ;	.line	151; "dice_src_code.c"	}
0000b9   0008     return                   	RETURN	
                                           ; exit point of _main
                                           
                                           ;***
                                           ;  pBlock Stats: dbName = C
                                           ;***
                                           ;has an exit
                                           ;9 compiler assigned registers:
                                           ;   r0x1004
                                           ;   STK00
                                           ;   r0x1005
                                           ;   r0x1006
                                           ;   r0x1007
                                           ;   r0x1008
                                           ;   r0x1009
                                           ;   r0x100A
                                           ;   r0x100B
                                           ;; Starting pCode block
                                           S_dice_src_code__delay	code
                                           _delay:
                                           ; 2 exit points
                                           ;	.line	170; "dice_src_code.c"	void delay(unsigned int tiempo)
000247   1283     bcf     0x03, 0x5        	BANKSEL	r0x1004
000248   00aa     movwf   0x2a             	MOVWF	r0x1004
000249   087f     movf    0x7f, 0x0        	MOVF	STK00,W
00024a   00a9     movwf   0x29             	MOVWF	r0x1005
                                           ;	.line	175; "dice_src_code.c"	for(i=0;i<tiempo;i++)
00024b   01ab     clrf    0x2b             	CLRF	r0x1006
00024c   01ac     clrf    0x2c             	CLRF	r0x1007
                                           _00261_DS_:
00024d   1283     bcf     0x03, 0x5        	BANKSEL	r0x1004
00024e   082a     movf    0x2a, 0x0        	MOVF	r0x1004,W
00024f   022c     subwf   0x2c, 0x0        	SUBWF	r0x1007,W
000250   1d03     btfss   0x03, 0x2        	BTFSS	STATUS,2
000251   2a54     goto    0x0254           	GOTO	_00282_DS_
000252   0829     movf    0x29, 0x0        	MOVF	r0x1005,W
000253   022b     subwf   0x2b, 0x0        	SUBWF	r0x1006,W
                                           _00282_DS_:
000254   1803     btfsc   0x03, 0x0        	BTFSC	STATUS,0
000255   2a71     goto    0x0271           	GOTO	_00263_DS_
                                           ;;genSkipc:3307: created from rifx:0x7ffef3df2820
                                           ;	.line	176; "dice_src_code.c"	for(j=0;j<1275;j++);
000256   30fb     movlw   0xfb             	MOVLW	0xfb
000257   1283     bcf     0x03, 0x5        	BANKSEL	r0x1008
000258   00ad     movwf   0x2d             	MOVWF	r0x1008
000259   3004     movlw   0x04             	MOVLW	0x04
00025a   00ae     movwf   0x2e             	MOVWF	r0x1009
                                           _00259_DS_:
00025b   30ff     movlw   0xff             	MOVLW	0xff
00025c   1283     bcf     0x03, 0x5        	BANKSEL	r0x1008
00025d   072d     addwf   0x2d, 0x0        	ADDWF	r0x1008,W
00025e   00af     movwf   0x2f             	MOVWF	r0x100A
00025f   30ff     movlw   0xff             	MOVLW	0xff
000260   00b0     movwf   0x30             	MOVWF	r0x100B
000261   082e     movf    0x2e, 0x0        	MOVF	r0x1009,W
000262   1803     btfsc   0x03, 0x0        	BTFSC	STATUS,0
000263   0f2e     incfsz  0x2e, 0x0        	INCFSZ	r0x1009,W
000264   07b0     addwf   0x30, 0x1        	ADDWF	r0x100B,F
000265   082f     movf    0x2f, 0x0        	MOVF	r0x100A,W
000266   00ad     movwf   0x2d             	MOVWF	r0x1008
000267   0830     movf    0x30, 0x0        	MOVF	r0x100B,W
000268   00ae     movwf   0x2e             	MOVWF	r0x1009
000269   0830     movf    0x30, 0x0        	MOVF	r0x100B,W
00026a   042f     iorwf   0x2f, 0x0        	IORWF	r0x100A,W
00026b   1d03     btfss   0x03, 0x2        	BTFSS	STATUS,2
00026c   2a5b     goto    0x025b           	GOTO	_00259_DS_
                                           ;	.line	175; "dice_src_code.c"	for(i=0;i<tiempo;i++)
00026d   0aab     incf    0x2b, 0x1        	INCF	r0x1006,F
00026e   1903     btfsc   0x03, 0x2        	BTFSC	STATUS,2
00026f   0aac     incf    0x2c, 0x1        	INCF	r0x1007,F
000270   2a4d     goto    0x024d           	GOTO	_00261_DS_
                                           _00263_DS_:
                                           ;	.line	177; "dice_src_code.c"	}
000271   0008     return                   	RETURN	
                                           ; exit point of _delay
                                           
                                           ;***
                                           ;  pBlock Stats: dbName = C
                                           ;***
                                           ;has an exit
                                           ;5 compiler assigned registers:
                                           ;   r0x100C
                                           ;   STK00
                                           ;   r0x100D
                                           ;   r0x100E
                                           ;   r0x100F
                                           ;; Starting pCode block
                                           S_dice_src_code__mostrar_numero	code
                                           _mostrar_numero:
                                           ; 2 exit points
                                           ;	.line	153; "dice_src_code.c"	void mostrar_numero(short int num){
000156   1283     bcf     0x03, 0x5        	BANKSEL	r0x100C
000157   00a6     movwf   0x26             	MOVWF	r0x100C
000158   087f     movf    0x7f, 0x0        	MOVF	STK00,W
                                           ;;1	MOVWF	r0x100D
                                           ;	.line	154; "dice_src_code.c"	switch (num){
000159   00a7     movwf   0x27             	MOVWF	r0x100E
00015a   0826     movf    0x26, 0x0        	MOVF	r0x100C,W
00015b   00a8     movwf   0x28             	MOVWF	r0x100F
00015c   0427     iorwf   0x27, 0x0        	IORWF	r0x100E,W
00015d   1903     btfsc   0x03, 0x2        	BTFSC	STATUS,2
00015e   29b9     goto    0x01b9           	GOTO	_00181_DS_
00015f   0827     movf    0x27, 0x0        	MOVF	r0x100E,W
000160   3a01     xorlw   0x01             	XORLW	0x01
000161   1d03     btfss   0x03, 0x2        	BTFSS	STATUS,2
000162   2967     goto    0x0167           	GOTO	_00241_DS_
000163   0828     movf    0x28, 0x0        	MOVF	r0x100F,W
000164   3a00     xorlw   0x00             	XORLW	0x00
000165   1903     btfsc   0x03, 0x2        	BTFSC	STATUS,2
000166   29bc     goto    0x01bc           	GOTO	_00182_DS_
                                           _00241_DS_:
000167   1283     bcf     0x03, 0x5        	BANKSEL	r0x100E
000168   0827     movf    0x27, 0x0        	MOVF	r0x100E,W
000169   3a02     xorlw   0x02             	XORLW	0x02
00016a   1d03     btfss   0x03, 0x2        	BTFSS	STATUS,2
00016b   2970     goto    0x0170           	GOTO	_00242_DS_
00016c   0828     movf    0x28, 0x0        	MOVF	r0x100F,W
00016d   3a00     xorlw   0x00             	XORLW	0x00
00016e   1903     btfsc   0x03, 0x2        	BTFSC	STATUS,2
00016f   29c0     goto    0x01c0           	GOTO	_00183_DS_
                                           _00242_DS_:
000170   1283     bcf     0x03, 0x5        	BANKSEL	r0x100E
000171   0827     movf    0x27, 0x0        	MOVF	r0x100E,W
000172   3a03     xorlw   0x03             	XORLW	0x03
000173   1d03     btfss   0x03, 0x2        	BTFSS	STATUS,2
000174   2979     goto    0x0179           	GOTO	_00243_DS_
000175   0828     movf    0x28, 0x0        	MOVF	r0x100F,W
000176   3a00     xorlw   0x00             	XORLW	0x00
000177   1903     btfsc   0x03, 0x2        	BTFSC	STATUS,2
000178   29c4     goto    0x01c4           	GOTO	_00184_DS_
                                           _00243_DS_:
000179   1283     bcf     0x03, 0x5        	BANKSEL	r0x100E
00017a   0827     movf    0x27, 0x0        	MOVF	r0x100E,W
00017b   3a04     xorlw   0x04             	XORLW	0x04
00017c   1d03     btfss   0x03, 0x2        	BTFSS	STATUS,2
00017d   2982     goto    0x0182           	GOTO	_00244_DS_
00017e   0828     movf    0x28, 0x0        	MOVF	r0x100F,W
00017f   3a00     xorlw   0x00             	XORLW	0x00
000180   1903     btfsc   0x03, 0x2        	BTFSC	STATUS,2
000181   29c8     goto    0x01c8           	GOTO	_00185_DS_
                                           _00244_DS_:
000182   1283     bcf     0x03, 0x5        	BANKSEL	r0x100E
000183   0827     movf    0x27, 0x0        	MOVF	r0x100E,W
000184   3a05     xorlw   0x05             	XORLW	0x05
000185   1d03     btfss   0x03, 0x2        	BTFSS	STATUS,2
000186   298b     goto    0x018b           	GOTO	_00245_DS_
000187   0828     movf    0x28, 0x0        	MOVF	r0x100F,W
000188   3a00     xorlw   0x00             	XORLW	0x00
000189   1903     btfsc   0x03, 0x2        	BTFSC	STATUS,2
00018a   29cc     goto    0x01cc           	GOTO	_00186_DS_
                                           _00245_DS_:
00018b   1283     bcf     0x03, 0x5        	BANKSEL	r0x100E
00018c   0827     movf    0x27, 0x0        	MOVF	r0x100E,W
00018d   3a06     xorlw   0x06             	XORLW	0x06
00018e   1d03     btfss   0x03, 0x2        	BTFSS	STATUS,2
00018f   2994     goto    0x0194           	GOTO	_00246_DS_
000190   0828     movf    0x28, 0x0        	MOVF	r0x100F,W
000191   3a00     xorlw   0x00             	XORLW	0x00
000192   1903     btfsc   0x03, 0x2        	BTFSC	STATUS,2
000193   29d0     goto    0x01d0           	GOTO	_00187_DS_
                                           _00246_DS_:
000194   1283     bcf     0x03, 0x5        	BANKSEL	r0x100E
000195   0827     movf    0x27, 0x0        	MOVF	r0x100E,W
000196   3a07     xorlw   0x07             	XORLW	0x07
000197   1d03     btfss   0x03, 0x2        	BTFSS	STATUS,2
000198   299d     goto    0x019d           	GOTO	_00247_DS_
000199   0828     movf    0x28, 0x0        	MOVF	r0x100F,W
00019a   3a00     xorlw   0x00             	XORLW	0x00
00019b   1903     btfsc   0x03, 0x2        	BTFSC	STATUS,2
00019c   29d4     goto    0x01d4           	GOTO	_00188_DS_
                                           _00247_DS_:
00019d   1283     bcf     0x03, 0x5        	BANKSEL	r0x100E
00019e   0827     movf    0x27, 0x0        	MOVF	r0x100E,W
00019f   3a08     xorlw   0x08             	XORLW	0x08
0001a0   1d03     btfss   0x03, 0x2        	BTFSS	STATUS,2
0001a1   29a6     goto    0x01a6           	GOTO	_00248_DS_
0001a2   0828     movf    0x28, 0x0        	MOVF	r0x100F,W
0001a3   3a00     xorlw   0x00             	XORLW	0x00
0001a4   1903     btfsc   0x03, 0x2        	BTFSC	STATUS,2
0001a5   29d8     goto    0x01d8           	GOTO	_00189_DS_
                                           _00248_DS_:
0001a6   1283     bcf     0x03, 0x5        	BANKSEL	r0x100E
0001a7   0827     movf    0x27, 0x0        	MOVF	r0x100E,W
0001a8   3a09     xorlw   0x09             	XORLW	0x09
0001a9   1d03     btfss   0x03, 0x2        	BTFSS	STATUS,2
0001aa   29af     goto    0x01af           	GOTO	_00249_DS_
0001ab   0828     movf    0x28, 0x0        	MOVF	r0x100F,W
0001ac   3a00     xorlw   0x00             	XORLW	0x00
0001ad   1903     btfsc   0x03, 0x2        	BTFSC	STATUS,2
0001ae   29dc     goto    0x01dc           	GOTO	_00190_DS_
                                           _00249_DS_:
0001af   1283     bcf     0x03, 0x5        	BANKSEL	r0x100E
0001b0   0827     movf    0x27, 0x0        	MOVF	r0x100E,W
0001b1   3a63     xorlw   0x63             	XORLW	0x63
0001b2   1d03     btfss   0x03, 0x2        	BTFSS	STATUS,2
0001b3   29b8     goto    0x01b8           	GOTO	_00250_DS_
0001b4   0828     movf    0x28, 0x0        	MOVF	r0x100F,W
0001b5   3a00     xorlw   0x00             	XORLW	0x00
0001b6   1903     btfsc   0x03, 0x2        	BTFSC	STATUS,2
0001b7   29e0     goto    0x01e0           	GOTO	_00191_DS_
                                           _00250_DS_:
0001b8   29e4     goto    0x01e4           	GOTO	_00192_DS_
                                           _00181_DS_:
                                           ;	.line	155; "dice_src_code.c"	case 0: GPIO = 0b000000; break;
0001b9   1283     bcf     0x03, 0x5        	BANKSEL	_GPIO
0001ba   0185     clrf    0x05             	CLRF	_GPIO
0001bb   29e6     goto    0x01e6           	GOTO	_00194_DS_
                                           _00182_DS_:
                                           ;	.line	156; "dice_src_code.c"	case 1: GPIO = 0b000001; break;
0001bc   3001     movlw   0x01             	MOVLW	0x01
0001bd   1283     bcf     0x03, 0x5        	BANKSEL	_GPIO
0001be   0085     movwf   0x05             	MOVWF	_GPIO
0001bf   29e6     goto    0x01e6           	GOTO	_00194_DS_
                                           _00183_DS_:
                                           ;	.line	157; "dice_src_code.c"	case 2: GPIO = 0b000010; break;
0001c0   3002     movlw   0x02             	MOVLW	0x02
0001c1   1283     bcf     0x03, 0x5        	BANKSEL	_GPIO
0001c2   0085     movwf   0x05             	MOVWF	_GPIO
0001c3   29e6     goto    0x01e6           	GOTO	_00194_DS_
                                           _00184_DS_:
                                           ;	.line	158; "dice_src_code.c"	case 3: GPIO = 0b000011; break;
0001c4   3003     movlw   0x03             	MOVLW	0x03
0001c5   1283     bcf     0x03, 0x5        	BANKSEL	_GPIO
0001c6   0085     movwf   0x05             	MOVWF	_GPIO
0001c7   29e6     goto    0x01e6           	GOTO	_00194_DS_
                                           _00185_DS_:
                                           ;	.line	159; "dice_src_code.c"	case 4: GPIO = 0b000100; break; 
0001c8   3004     movlw   0x04             	MOVLW	0x04
0001c9   1283     bcf     0x03, 0x5        	BANKSEL	_GPIO
0001ca   0085     movwf   0x05             	MOVWF	_GPIO
0001cb   29e6     goto    0x01e6           	GOTO	_00194_DS_
                                           _00186_DS_:
                                           ;	.line	160; "dice_src_code.c"	case 5: GPIO = 0b000101; break;
0001cc   3005     movlw   0x05             	MOVLW	0x05
0001cd   1283     bcf     0x03, 0x5        	BANKSEL	_GPIO
0001ce   0085     movwf   0x05             	MOVWF	_GPIO
0001cf   29e6     goto    0x01e6           	GOTO	_00194_DS_
                                           _00187_DS_:
                                           ;	.line	161; "dice_src_code.c"	case 6: GPIO = 0b000110; break;
0001d0   3006     movlw   0x06             	MOVLW	0x06
0001d1   1283     bcf     0x03, 0x5        	BANKSEL	_GPIO
0001d2   0085     movwf   0x05             	MOVWF	_GPIO
0001d3   29e6     goto    0x01e6           	GOTO	_00194_DS_
                                           _00188_DS_:
                                           ;	.line	162; "dice_src_code.c"	case 7: GPIO = 0b000111; break;
0001d4   3007     movlw   0x07             	MOVLW	0x07
0001d5   1283     bcf     0x03, 0x5        	BANKSEL	_GPIO
0001d6   0085     movwf   0x05             	MOVWF	_GPIO
0001d7   29e6     goto    0x01e6           	GOTO	_00194_DS_
                                           _00189_DS_:
                                           ;	.line	163; "dice_src_code.c"	case 8: GPIO = 0b010000; break;
0001d8   3010     movlw   0x10             	MOVLW	0x10
0001d9   1283     bcf     0x03, 0x5        	BANKSEL	_GPIO
0001da   0085     movwf   0x05             	MOVWF	_GPIO
0001db   29e6     goto    0x01e6           	GOTO	_00194_DS_
                                           _00190_DS_:
                                           ;	.line	164; "dice_src_code.c"	case 9: GPIO = 0b010001; break;
0001dc   3011     movlw   0x11             	MOVLW	0x11
0001dd   1283     bcf     0x03, 0x5        	BANKSEL	_GPIO
0001de   0085     movwf   0x05             	MOVWF	_GPIO
0001df   29e6     goto    0x01e6           	GOTO	_00194_DS_
                                           _00191_DS_:
                                           ;	.line	165; "dice_src_code.c"	case 99: GPIO = 0b010010; break; 
0001e0   3012     movlw   0x12             	MOVLW	0x12
0001e1   1283     bcf     0x03, 0x5        	BANKSEL	_GPIO
0001e2   0085     movwf   0x05             	MOVWF	_GPIO
0001e3   29e6     goto    0x01e6           	GOTO	_00194_DS_
                                           _00192_DS_:
                                           ;	.line	166; "dice_src_code.c"	default: GPIO = 0b000000;
0001e4   1283     bcf     0x03, 0x5        	BANKSEL	_GPIO
0001e5   0185     clrf    0x05             	CLRF	_GPIO
                                           _00194_DS_:
                                           ;	.line	168; "dice_src_code.c"	}
0001e6   0008     return                   	RETURN	
                                           ; exit point of _mostrar_numero
                                           
                                           
                                           ;	code size estimation:
                                           ;	  309+   63 =   372 instructions (  870 byte)
                                           
                                           	end
